// Jest Snapshot v1, https://goo.gl/fbAQLP

exports[`Test on Radio should match initial snapshot 1`] = `ShallowWrapper {}`;
