// Jest Snapshot v1, https://goo.gl/fbAQLP

exports[`Test on Dashboard should match initial snapshot 1`] = `ShallowWrapper {}`;
