// Jest Snapshot v1, https://goo.gl/fbAQLP

exports[`Test on LinkA should match initial snapshot 1`] = `ReactWrapper {}`;
